// Jest Snapshot v1, https://goo.gl/fbAQLP

exports[`Exports of @undercut/node should be stable 1`] = `Array []`;
