// Jest Snapshot v1, https://goo.gl/fbAQLP

exports[`Collections exports of the main entry should be stable 1`] = `
Array [
  "Heap",
  "MaxHeap",
  "MinHeap",
  "getLeftChildIndex",
  "getParentIndex",
  "getRightChildIndex",
]
`;
